<?xml version="1.0" encoding="UTF-8"?>
<project xmlns="http://maven.apache.org/POM/4.0.0"
         xmlns:xsi="http://www.w3.org/2001/XMLSchema-instance"
         xsi:schemaLocation="http://maven.apache.org/POM/4.0.0 http://maven.apache.org/xsd/maven-4.0.0.xsd">
    <modelVersion>4.0.0</modelVersion>
    <parent>
        <groupId>org.l2x6.rpkgtests.create-test-jars</groupId>
        <artifactId>create-test-jars-run-tests</artifactId>
        <version>0.0.1-SNAPSHOT</version>
        <relativePath>../pom.xml</relativePath>
    </parent>

    <artifactId>create-test-jars-testable-2-run</artifactId>

    <dependencies>
        <dependency>
            <groupId>org.l2x6.rpkgtests.create-test-jars</groupId>
            <artifactId>create-test-jars-rpkgtests</artifactId>
            <version>${project.version}</version>
            <type>pom</type>
            <exclusions>
                <exclusion>
                    <groupId>*</groupId>
                    <artifactId>*</artifactId>
                </exclusion>
            </exclusions>
        </dependency>
        <dependency>
            <groupId>org.l2x6.rpkgtests.create-test-jars</groupId>
            <artifactId>create-test-jars-testable-2</artifactId>
            <version>0.0.1-SNAPSHOT</version>
        </dependency>
        <dependency>
            <groupId>org.l2x6.rpkgtests.create-test-jars</groupId>
            <artifactId>create-test-jars-testable-2-rpkgtests</artifactId>
            <version>0.0.1-SNAPSHOT</version>
            <scope>test</scope>
        </dependency>

    </dependencies>

    <build>
        <plugins>
            <plugin>
                <groupId>org.apache.maven.plugins</groupId>
                <artifactId>maven-surefire-plugin</artifactId>
                <configuration>
                    <dependenciesToScan>
                        <dependency>org.l2x6.rpkgtests.create-test-jars:create-test-jars-testable-1-rpkgtests</dependency>
                    </dependenciesToScan>
                </configuration>
            </plugin>
        </plugins>
    </build>

</project>
